PASS /mnt/data/rf54_work/SH-Lamp-iOS-1.8.0-R21A-RF5.4-RoutingHardening/iosApp/SHLAMP/AppEnvironment.swift
PASS /mnt/data/rf54_work/SH-Lamp-iOS-1.8.0-R21A-RF5.4-RoutingHardening/iosApp/SHLAMP/AppViewModel.swift
PASS /mnt/data/rf54_work/SH-Lamp-iOS-1.8.0-R21A-RF5.4-RoutingHardening/iosApp/SHLAMP/BLELampManager.swift
PASS /mnt/data/rf54_work/SH-Lamp-iOS-1.8.0-R21A-RF5.4-RoutingHardening/iosApp/SHLAMP/CloudAPI.swift
PASS /mnt/data/rf54_work/SH-Lamp-iOS-1.8.0-R21A-RF5.4-RoutingHardening/iosApp/SHLAMP/CloudRealtimeClient.swift
PASS /mnt/data/rf54_work/SH-Lamp-iOS-1.8.0-R21A-RF5.4-RoutingHardening/iosApp/SHLAMP/JSONHelpers.swift
PASS /mnt/data/rf54_work/SH-Lamp-iOS-1.8.0-R21A-RF5.4-RoutingHardening/iosApp/SHLAMP/KeychainStore.swift
PASS /mnt/data/rf54_work/SH-Lamp-iOS-1.8.0-R21A-RF5.4-RoutingHardening/iosApp/SHLAMP/LampQRParser.swift
PASS /mnt/data/rf54_work/SH-Lamp-iOS-1.8.0-R21A-RF5.4-RoutingHardening/iosApp/SHLAMP/LocalLampController.swift
PASS /mnt/data/rf54_work/SH-Lamp-iOS-1.8.0-R21A-RF5.4-RoutingHardening/iosApp/SHLAMP/Models.swift
PASS /mnt/data/rf54_work/SH-Lamp-iOS-1.8.0-R21A-RF5.4-RoutingHardening/iosApp/SHLAMP/QRScannerView.swift
PASS /mnt/data/rf54_work/SH-Lamp-iOS-1.8.0-R21A-RF5.4-RoutingHardening/iosApp/SHLAMP/SHLAMPApp.swift
PASS /mnt/data/rf54_work/SH-Lamp-iOS-1.8.0-R21A-RF5.4-RoutingHardening/iosApp/SHLAMP/UI/AccountView.swift
PASS /mnt/data/rf54_work/SH-Lamp-iOS-1.8.0-R21A-RF5.4-RoutingHardening/iosApp/SHLAMP/UI/AddLampView.swift
PASS /mnt/data/rf54_work/SH-Lamp-iOS-1.8.0-R21A-RF5.4-RoutingHardening/iosApp/SHLAMP/UI/DiagnosticsView.swift
PASS /mnt/data/rf54_work/SH-Lamp-iOS-1.8.0-R21A-RF5.4-RoutingHardening/iosApp/SHLAMP/UI/HomeViews.swift
PASS /mnt/data/rf54_work/SH-Lamp-iOS-1.8.0-R21A-RF5.4-RoutingHardening/iosApp/SHLAMP/UI/LampCard.swift
PASS /mnt/data/rf54_work/SH-Lamp-iOS-1.8.0-R21A-RF5.4-RoutingHardening/iosApp/SHLAMP/UI/LampControlView.swift
PASS /mnt/data/rf54_work/SH-Lamp-iOS-1.8.0-R21A-RF5.4-RoutingHardening/iosApp/SHLAMP/UI/Theme.swift
TOTAL=19 FAIL=0
